
C:\Users\Raymond\Desktop>md GitHubRepoAssignment

C:\Users\Raymond\Desktop>cd GitHubRepoAssignment

C:\Users\Raymond\Desktop\GitHubRepoAssignment>git init
Initialized empty Git repository in C:/Users/Raymond/Desktop/GitHubRepoAssignmen
t/.git/

C:\Users\Raymond\Desktop\GitHubRepoAssignment>touch readme.md
'touch' is not recognized as an internal or external command,
operable program or batch file.

C:\Users\Raymond\Desktop\GitHubRepoAssignment>copy nul readme.md
        1 file(s) copied.

C:\Users\Raymond\Desktop\GitHubRepoAssignment>git status
On branch master

No commits yet

Untracked files:
  (use "git add <file>..." to include in what will be committed)

        readme.md

nothing added to commit but untracked files present (use "git add" to track)

C:\Users\Raymond\Desktop\GitHubRepoAssignment>git add .

C:\Users\Raymond\Desktop\GitHubRepoAssignment>git commit -m "modified readme.md"

[master (root-commit) a40c976] modified readme.md
 1 file changed, 0 insertions(+), 0 deletions(-)
 create mode 100644 readme.md

C:\Users\Raymond\Desktop\GitHubRepoAssignment>git status
On branch master
nothing to commit, working tree clean

C:\Users\Raymond\Desktop\GitHubRepoAssignment>git remote add origin https://gith
ub.com/Rayreid76/GitHubRepoAssignment.git

C:\Users\Raymond\Desktop\GitHubRepoAssignment>git push -u origin master
Counting objects: 3, done.
Writing objects: 100% (3/3), 218 bytes | 218.00 KiB/s, done.
Total 3 (delta 0), reused 0 (delta 0)
To https://github.com/Rayreid76/GitHubRepoAssignment.git
 * [new branch]      master -> master
Branch 'master' set up to track remote branch 'master' from 'origin'.

C:\Users\Raymond\Desktop\GitHubRepoAssignment>copy nul GitHubRepoAssignment.txt
        1 file(s) copied.

C:\Users\Raymond\Desktop\GitHubRepoAssignment>GitHubRepoAssignment.txt

C:\Users\Raymond\Desktop\GitHubRepoAssignment>